// Jest Snapshot v1, https://goo.gl/fbAQLP

exports[`StyledCard should have snapshot 1`] = `
.c0 {
  background-color: #fff;
  width: 658px;
  height: 658px;
  display: inherit;
  -webkit-box-pack: inherit;
  -webkit-justify-content: inherit;
  -ms-flex-pack: inherit;
  justify-content: inherit;
  -webkit-flex-direction: inherit;
  -ms-flex-direction: inherit;
  flex-direction: inherit;
  border-radius: 10px;
  padding: 0px 80px;
}

<div
  className="c0"
/>
`;

exports[`StyledWrapper should have snapshot 1`] = `
.c0 {
  height: 100%;
  display: -webkit-box;
  display: -webkit-flex;
  display: -ms-flexbox;
  display: flex;
  -webkit-align-items: center;
  -webkit-box-align: center;
  -ms-flex-align: center;
  align-items: center;
  -webkit-box-pack: center;
  -webkit-justify-content: center;
  -ms-flex-pack: center;
  justify-content: center;
  -webkit-flex-direction: column;
  -ms-flex-direction: column;
  flex-direction: column;
}

<div
  className="c0"
/>
`;
