// Jest Snapshot v1, https://goo.gl/fbAQLP

exports[`Component should have snapshot 1`] = `
<h1>
  Hello World
</h1>
`;
