// Jest Snapshot v1, https://goo.gl/fbAQLP

exports[`AppNotFound should have snapshot 1`] = `
<h1>
  Not Found
</h1>
`;
