// Jest Snapshot v1, https://goo.gl/fbAQLP

exports[`AuthResetPassword should have snapshot 1`] = `"<div class=\\"sc-bczRLJ kBsCEE\\"><div class=\\"sc-gsnTZi gqmGps\\"><div class=\\"flex flex-col justify-center items-center text-center gap-6 mb-6\\"><img src=\\"app.png\\" width=\\"90.81px\\" height=\\"56px\\"><label font-weight=\\"700\\" font-size=\\"26.63\\" class=\\"sc-dkzDqf gKWeuv\\">app.recover</label></div><form class=\\"ant-form ant-form-vertical ant-form-hide-required-mark\\"><div class=\\"ant-form-item sc-jSMfEi jFzftq\\"><div theme=\\"[object Object]\\" class=\\"ant-row ant-form-item-row\\"><div class=\\"ant-col ant-form-item-label\\"><label for=\\"email\\" class=\\"ant-form-item-required\\" title=\\"app.user.email\\">app.user.email</label></div><div class=\\"ant-col ant-form-item-control\\"><div class=\\"ant-form-item-control-input\\"><div class=\\"ant-form-item-control-input-content\\"><input placeholder=\\"example@example.com\\" id=\\"email\\" class=\\"ant-input sc-gKXOVf ihLyhw\\" type=\\"text\\" value=\\"\\"></div></div></div></div></div><button type=\\"submit\\" class=\\"ant-btn ant-btn-primary ant-btn-block sc-hKMtZM OXJew mt-8\\"><span>auth.resetPassword</span></button></form><div class=\\"mt-6 flex items-center text-center justify-center gap-1\\"><label font-size=\\"16\\" class=\\"sc-dkzDqf dvQrKU\\">auth.rememberAccount?</label><label font-size=\\"16\\" class=\\"sc-dkzDqf ljQRlH cursor-pointer\\" data-testid=\\"login-button\\">auth.login</label></div></div></div>"`;
