// Jest Snapshot v1, https://goo.gl/fbAQLP

exports[`AuthRegister should have snapshot 1`] = `"<div data-testid=\\"auth-register\\"><div data-testid=\\"wrapper\\" class=\\"sc-iBkjds kcPEiM\\"><button data-testid=\\"google\\" color=\\"#06152B\\" type=\\"button\\" class=\\"ant-btn ant-btn-default sc-dkzDqf jOMXzK\\"><img src=\\"google.png\\" width=\\"24px\\" height=\\"24px\\"><span>app.social.google</span></button><button data-testid=\\"facebook\\" color=\\"#06152B\\" type=\\"button\\" class=\\"ant-btn ant-btn-default sc-dkzDqf jOMXzK\\"><img src=\\"facebook.png\\" width=\\"9px\\" height=\\"18px\\"><span>app.social.facebook</span></button></div><div class=\\"mt-4 w-full\\"><div class=\\"ant-divider ant-divider-horizontal sc-hKMtZM hBbZGS\\" theme=\\"[object Object]\\" role=\\"separator\\"></div></div><form class=\\"ant-form ant-form-vertical ant-form-hide-required-mark\\"><div class=\\"ant-form-item sc-eCYdqJ cFdIic\\"><div theme=\\"[object Object]\\" class=\\"ant-row ant-form-item-row\\"><div class=\\"ant-col ant-form-item-label\\"><label for=\\"fullName\\" class=\\"ant-form-item-required\\" title=\\"app.user.fullName\\">app.user.fullName</label></div><div class=\\"ant-col ant-form-item-control\\"><div class=\\"ant-form-item-control-input\\"><div class=\\"ant-form-item-control-input-content\\"><input placeholder=\\"app.user.fullName\\" id=\\"fullName\\" class=\\"ant-input sc-jSMfEi dcJQax\\" type=\\"text\\" value=\\"\\"></div></div></div></div></div><div class=\\"ant-form-item sc-eCYdqJ cFdIic\\"><div theme=\\"[object Object]\\" class=\\"ant-row ant-form-item-row\\"><div class=\\"ant-col ant-form-item-label\\"><label for=\\"email\\" class=\\"ant-form-item-required\\" title=\\"app.user.email\\">app.user.email</label></div><div class=\\"ant-col ant-form-item-control\\"><div class=\\"ant-form-item-control-input\\"><div class=\\"ant-form-item-control-input-content\\"><input placeholder=\\"example@gmail.com\\" id=\\"email\\" class=\\"ant-input sc-jSMfEi dcJQax\\" type=\\"text\\" value=\\"\\"></div></div></div></div></div><div class=\\"ant-form-item sc-eCYdqJ cFdIic\\"><div theme=\\"[object Object]\\" class=\\"ant-row ant-form-item-row\\"><div class=\\"ant-col ant-form-item-label\\"><label for=\\"password\\" class=\\"ant-form-item-required\\" title=\\"app.user.password\\">app.user.password</label></div><div class=\\"ant-col ant-form-item-control\\"><div class=\\"ant-form-item-control-input\\"><div class=\\"ant-form-item-control-input-content\\"><input type=\\"password\\" placeholder=\\"app.user.password\\" id=\\"password\\" class=\\"ant-input sc-jSMfEi dcJQax\\" value=\\"\\"></div></div></div></div></div><div class=\\"sc-bczRLJ hvLtLW\\"><div class=\\"ant-form-item sc-eCYdqJ cFdIic\\"><div theme=\\"[object Object]\\" class=\\"ant-row ant-form-item-row\\"><div class=\\"ant-col ant-form-item-control\\"><div class=\\"ant-form-item-control-input\\"><div class=\\"ant-form-item-control-input-content\\"><label class=\\"ant-checkbox-wrapper ant-checkbox-wrapper-in-form-item sc-gKXOVf\\"><span class=\\"ant-checkbox\\"><input id=\\"agree\\" type=\\"checkbox\\" class=\\"ant-checkbox-input\\" value=\\"\\"><span class=\\"ant-checkbox-inner\\"></span></span><span><label font-size=\\"16\\" class=\\"sc-gsnTZi llsaSf\\">auth.privacy <label font-size=\\"16\\" class=\\"sc-gsnTZi gnknbY\\">auth.termsofuse </label>app.and app.our <label font-size=\\"16\\" class=\\"sc-gsnTZi gnknbY\\">auth.policy</label></label></span></label></div></div></div></div></div></div><button type=\\"submit\\" class=\\"ant-btn ant-btn-primary ant-btn-block sc-dkzDqf leEBRr mt-6\\"><span>auth.createAccount</span></button><div class=\\"flex items-center gap-1 mt-5 justify-center\\"><label font-size=\\"16\\" class=\\"sc-gsnTZi llsaSf\\">auth.alreadyHaveAccount?</label><label class=\\"sc-gsnTZi gnknbY cursor-pointer\\" font-size=\\"16\\" data-testid=\\"login-button\\">auth.login</label></div></form></div>"`;
