// Jest Snapshot v1, https://goo.gl/fbAQLP

exports[`AppRouteGuard should have snapshot 1`] = `""`;
