// Jest Snapshot v1, https://goo.gl/fbAQLP

exports[`AppRouteWrapper should have snapshot 1`] = `null`;
