// Jest Snapshot v1, https://goo.gl/fbAQLP

exports[`AppBaseButton should have snapshot 1`] = `
.c0 {
  width: auto;
  height: auto;
  border-radius: 10px;
  font-weight: 500px;
  font-size: 16px;
  border: none;
  line-height: 21px;
  display: -webkit-box;
  display: -webkit-flex;
  display: -ms-flexbox;
  display: flex;
  -webkit-align-items: center;
  -webkit-box-align: center;
  -ms-flex-align: center;
  align-items: center;
  -webkit-box-pack: center;
  -webkit-justify-content: center;
  -ms-flex-pack: center;
  justify-content: center;
  gap: 8px;
}

<button
  className="ant-btn ant-btn-default c0"
  disabled={false}
  onClick={[Function]}
  type="button"
/>
`;
