// Jest Snapshot v1, https://goo.gl/fbAQLP

exports[`AppBaseDivider should have snapshot 1`] = `
.c0 {
  display: -webkit-box;
  display: -webkit-flex;
  display: -ms-flexbox;
  display: flex;
  -webkit-align-items: center;
  -webkit-box-align: center;
  -ms-flex-align: center;
  align-items: center;
}

<div
  className="ant-divider ant-divider-horizontal c0"
  role="separator"
  theme={Object {}}
/>
`;
